exports[`<SingleArticle /> should render with default props 1`] = `
<Apollo(SingleArticleContainer)
  actions={
    Object {
      "closeArticleErrors": [Function anonymous],
      "loadArticle": [Function anonymous],
      "loadArticleFailure": [Function anonymous],
      "loadArticleInitiation": [Function anonymous],
      "loadArticleSuccess": [Function anonymous]
    }
  }
  errors={null}
  store={
    Object {
      "clearActions": [Function clearActions],
      "dispatch": [Function anonymous],
      "getActions": [Function getActions],
      "getState": [Function getState],
      "replaceReducer": [Function replaceReducer],
      "subscribe": [Function subscribe]
    }
  } />
`;
