exports[`<CmsEditor /> should render with default props 1`] = `
<CmsEditorContainer
  actions={
    Object {
      "clearCmsError": [Function anonymous],
      "clearCmsMessage": [Function anonymous],
      "handleClearingToast": [Function anonymous],
      "submitArticleFailure": [Function anonymous],
      "submitArticleInitiation": [Function anonymous],
      "submitArticleRequest": [Function anonymous],
      "submitArticleSucces": [Function anonymous]
    }
  }
  error={null}
  isSubmitting={false}
  message={null}
  store={
    Object {
      "clearActions": [Function clearActions],
      "dispatch": [Function anonymous],
      "getActions": [Function getActions],
      "getState": [Function getState],
      "replaceReducer": [Function replaceReducer],
      "subscribe": [Function subscribe]
    }
  } />
`;
