exports[`<CmsEditor /> should render with default props 1`] = `
<div>
  <div>
    <input
      onChange={[Function onChangeTitle]}
      placeholder="Title"
      type="titleInput"
      value="Hello World" />
  </div>
  <MegadraftEditor
    editorState={Object {}}
    onChange={[Function onChange]}
    placeholder="Tell a story ..." />
  <undefined
    canSubmit={true}
    onPreview={[Function onTapToPreview]}
    onSave={[Function onSubmit]} />
</div>
`;
