exports[`<CmsEditor /> should render with default props 1`] = `
<div>
  <div>
    <input
      onChange={[Function bound handleInputChange]}
      placeholder="Title"
      type="titleInput"
      value="" />
  </div>
  <MegadraftEditor
    editorState={
      EditorState {
        "_immutable": Object {
          "allowUndo": true,
          "currentContent": Object {
            "blockMap": Object {
              "cont2": Object {
                "characterList": Array [],
                "data": Object {},
                "depth": 0,
                "key": "cont2",
                "text": "",
                "type": "unstyled"
              }
            },
            "selectionAfter": Object {
              "anchorKey": "cont2",
              "anchorOffset": 0,
              "focusKey": "cont2",
              "focusOffset": 0,
              "hasFocus": false,
              "isBackward": false
            },
            "selectionBefore": Object {
              "anchorKey": "cont2",
              "anchorOffset": 0,
              "focusKey": "cont2",
              "focusOffset": 0,
              "hasFocus": false,
              "isBackward": false
            }
          },
          "decorator": CompositeDraftDecorator {
            "_decorators": Array [
              Object {
                "component": [Function Link],
                "strategy": [Function findLinkEntities]
              }
            ]
          },
          "directionMap": Object {
            "cont2": "LTR"
          },
          "forceSelection": false,
          "inCompositionMode": false,
          "inlineStyleOverride": null,
          "lastChangeType": null,
          "nativelyRenderedContent": null,
          "redoStack": Array [],
          "selection": Object {
            "anchorKey": "cont2",
            "anchorOffset": 0,
            "focusKey": "cont2",
            "focusOffset": 0,
            "hasFocus": false,
            "isBackward": false
          },
          "treeMap": Object {
            "cont2": Array [
              Object {
                "decoratorKey": null,
                "end": 0,
                "leaves": Array [
                  Object {
                    "end": 0,
                    "start": 0
                  }
                ],
                "start": 0
              }
            ]
          },
          "undoStack": Array []
        }
      }
    }
    onChange={[Function bound onChange]}
    placeholder="Tell a story ..." />
  <undefined
    canSubmit={false}
    onSave={[Function bound publish]}
    onSetStatus={[Function bound setStatus]}
    onToggleSpotlight={[Function bound setSpotlightToggle]}
    spotlighted={false}
    status={0} />
</div>
`;
