exports[`<CmsEditor /> should render with default props 1`] = `
<div>
  <div>
    <input
      onChange={[Function bound handleInputChange]}
      placeholder="Title"
      type="titleInput"
      value="" />
  </div>
  <MegadraftEditor
    editorState={
      EditorState {
        "_immutable": Object {
          "allowUndo": true,
          "currentContent": Object {
            "blockMap": Object {
              "bbdnv": Object {
                "characterList": Array [],
                "data": Object {},
                "depth": 0,
                "key": "bbdnv",
                "text": "",
                "type": "unstyled"
              }
            },
            "selectionAfter": Object {
              "anchorKey": "bbdnv",
              "anchorOffset": 0,
              "focusKey": "bbdnv",
              "focusOffset": 0,
              "hasFocus": false,
              "isBackward": false
            },
            "selectionBefore": Object {
              "anchorKey": "bbdnv",
              "anchorOffset": 0,
              "focusKey": "bbdnv",
              "focusOffset": 0,
              "hasFocus": false,
              "isBackward": false
            }
          },
          "decorator": CompositeDraftDecorator {
            "_decorators": Array [
              Object {
                "component": [Function Link],
                "strategy": [Function findLinkEntities]
              }
            ]
          },
          "directionMap": Object {
            "bbdnv": "LTR"
          },
          "forceSelection": false,
          "inCompositionMode": false,
          "inlineStyleOverride": null,
          "lastChangeType": null,
          "nativelyRenderedContent": null,
          "redoStack": Array [],
          "selection": Object {
            "anchorKey": "bbdnv",
            "anchorOffset": 0,
            "focusKey": "bbdnv",
            "focusOffset": 0,
            "hasFocus": false,
            "isBackward": false
          },
          "treeMap": Object {
            "bbdnv": Array [
              Object {
                "decoratorKey": null,
                "end": 0,
                "leaves": Array [
                  Object {
                    "end": 0,
                    "start": 0
                  }
                ],
                "start": 0
              }
            ]
          },
          "undoStack": Array []
        }
      }
    }
    onChange={[Function bound onChange]}
    placeholder="Tell a story ..." />
  <Section
    pad={
      Object {
        "vertical": "medium"
      }
    }
    style={
      Object {
        "marginTop": 100
      }
    }>
    <undefined
      onSetStatus={[Function bound setStatus]}
      onToggleSpotlight={[Function bound setSpotlightToggle]}
      spotlighted={false}
      status={0} />
    <Button
      className="button undefined"
      label="Save"
      onClick={[Function bound publish]}
      type="button" />
  </Section>
</div>
`;
