exports[`<LoginContainer /> should render with default props 1`] = `
<ConnectedForm
  actions={
    Object {
      "appClearError": [Function anonymous],
      "appClearMessage": [Function anonymous],
      "appCloseToast": [Function anonymous],
      "appSetError": [Function anonymous],
      "appSetMessage": [Function anonymous],
      "appSetMobile": [Function anonymous],
      "appToggleNav": [Function anonymous],
      "clearSearchTerm": [Function anonymous],
      "forgotPasswordSetEmailInput": [Function anonymous],
      "handleToggleForgotPassword": [Function anonymous],
      "invalidateAuthUser": [Function anonymous],
      "loadAuthToken": [Function anonymous],
      "loadPersistedAuthToken": [Function anonymous],
      "loadPersistedUser": [Function anonymous],
      "loginClearError": [Function anonymous],
      "loginClearMessage": [Function anonymous],
      "loginInitiateRequest": [Function anonymous],
      "loginRequestFailure": [Function anonymous],
      "loginRequestSuccess": [Function anonymous],
      "loginSetMessage": [Function anonymous],
      "logoutUser": [Function anonymous],
      "performLogin": [Function anonymous],
      "setAuthUser": [Function anonymous],
      "setPersistentUser": [Function anonymous],
      "setSearchTerm": [Function anonymous],
      "toggleOfflineMode": [Function anonymous]
    }
  }
  emailInput={null}
  errorMessage={null}
  isLoading={false}
  isShowingModal={false}
  message={null}
  store={
    Object {
      "clearActions": [Function clearActions],
      "dispatch": [Function anonymous],
      "getActions": [Function getActions],
      "getState": [Function getState],
      "replaceReducer": [Function replaceReducer],
      "subscribe": [Function subscribe]
    }
  }
  user={null} />
`;
