exports[`<ConfirmationModal /> should render with default props 1`] = `
<Layer
  align="center"
  closer={true}
  hidden={true}>
  <Box
    align="center"
    announce={false}
    direction="column"
    focusable={true}
    pad={
      Object {
        "horizontal": "medium",
        "vertical": "medium"
      }
    }
    responsive={true}
    tag="div">
    <Heading
      align="center"
      tag="h1">
      Confirm
    </Heading>
    <Footer
      align="center"
      direction="row"
      justify="center"
      pad={
        Object {
          "horizontal": "medium",
          "vertical": "medium"
        }
      }
      responsive={false}>
      <Button
        icon={
          <function Icon() {
              (0, _classCallCheck3.default)(this, Icon);
              return (0, _possibleConstructorReturn3.default)(this, (Icon.__proto__ || (0, _getPrototypeOf2.default)(Icon)).apply(this, arguments));
            }
            a11yTitleId="checkmark-title"
            responsive={true} />
        }
        label="Confirm"
        primary={true}
        type="submit" />
      <Button
        icon={
          <function Icon() {
              (0, _classCallCheck3.default)(this, Icon);
              return (0, _possibleConstructorReturn3.default)(this, (Icon.__proto__ || (0, _getPrototypeOf2.default)(Icon)).apply(this, arguments));
            }
            a11yTitleId="close-title"
            responsive={true} />
        }
        label="Cancel"
        type="reset" />
    </Footer>
  </Box>
</Layer>
`;
