exports[`<Landing /> should render with default props 1`] = `
<Landing
  actions={
    Object {
      "clearLandingErrors": [Function anonymous],
      "loadFeaturedArticles": [Function anonymous],
      "loadFeaturedArticlesFailure": [Function anonymous],
      "loadFeaturedArticlesInitiation": [Function anonymous],
      "loadFeaturedArticlesSuccess": [Function anonymous],
      "loadSpotlightedImages": [Function anonymous],
      "loadSpotlightedImagesFailure": [Function anonymous],
      "loadSpotlightedImagesInitiation": [Function anonymous],
      "loadSpotlightedImagesSuccess": [Function anonymous]
    }
  }
  carouselImages={Array []}
  errors={null}
  featuredArticles={null}
  isLoading={false}
  store={
    Object {
      "clearActions": [Function clearActions],
      "dispatch": [Function anonymous],
      "getActions": [Function getActions],
      "getState": [Function getState],
      "replaceReducer": [Function replaceReducer],
      "subscribe": [Function subscribe]
    }
  }
  user={
    Object {
      "name": "Ryan Collins"
    }
  } />
`;
