exports[`<Landing /> should render with default props 1`] = `
<Landing
  actions={
    Object {
      "fakeLoading": [Function anonymous],
      "startLoading": [Function anonymous],
      "stopLoading": [Function anonymous]
    }
  }
  carouselImages={
    Array [
      Object {
        "src": "http://zdnet4.cbsistatic.com/hub/i/r/2016/01/13/df0444a8-0bcd-46cc-b9d4-e5be56a36341/resize/770xauto/cd213f8602843b807ed63aef891203c7/image.jpg"
      },
      Object {
        "src": "http://zdnet4.cbsistatic.com/hub/i/r/2016/01/13/df0444a8-0bcd-46cc-b9d4-e5be56a36341/resize/770xauto/cd213f8602843b807ed63aef891203c7/image.jpg"
      },
      Object {
        "src": "http://zdnet4.cbsistatic.com/hub/i/r/2016/01/13/df0444a8-0bcd-46cc-b9d4-e5be56a36341/resize/770xauto/cd213f8602843b807ed63aef891203c7/image.jpg"
      }
    ]
  }
  isLoading={false}
  mainArticles={
    Array [
      Object {
        "content": "Lorem ipsum dolor sit amet, consectetur adipiscing elit. Nullam vel blandit ligula, in auctor risus. Fusce venenatis tristique lorem, molestie posuere augue placerat eu.",
        "id": 0,
        "image": "https://placeholdit.imgix.net/~text?txtsize=33&txt=250%C3%97250&w=250&h=250"
      },
      Object {
        "content": "Lorem ipsum dolor sit amet, consectetur adipiscing elit. Nullam vel blandit ligula, in auctor risus. Fusce venenatis tristique lorem, molestie posuere augue placerat eu.",
        "id": 1,
        "image": "https://placeholdit.imgix.net/~text?txtsize=33&txt=250%C3%97250&w=250&h=250"
      },
      Object {
        "content": "Lorem ipsum dolor sit amet, consectetur adipiscing elit. Nullam vel blandit ligula, in auctor risus. Fusce venenatis tristique lorem, molestie posuere augue placerat eu.",
        "id": 2,
        "image": "https://placeholdit.imgix.net/~text?txtsize=33&txt=250%C3%97250&w=250&h=250"
      }
    ]
  }
  store={
    Object {
      "clearActions": [Function clearActions],
      "dispatch": [Function anonymous],
      "getActions": [Function getActions],
      "getState": [Function getState],
      "replaceReducer": [Function replaceReducer],
      "subscribe": [Function subscribe]
    }
  } />
`;
