exports[`<ArticlePreview /> should render with default props 1`] = `
<Box
  announce={false}
  direction="column"
  focusable={true}
  pad={
    Object {
      "vertical": "medium"
    }
  }
  responsive={true}
  size="medium"
  tag="div">
  <Card
    contentPad="medium"
    description="Diagnostic related group HIPAA accreditation"
    heading="Current procedu"
    headingStrong={true}
    label="By Andreas Daimainger"
    link={
      <Anchor
        href="/articles/current-procedural-terminology-benefit-impaired-risk"
        label="Read More"
        primary={true}
        tag="a" />
    }
    textSize="small"
    thumbnail={
      <ResponsiveImage
        matchHeight={true}
        src="https://robohash.org/sapienteeaoptio.png?size=300x300" />
    } />
</Box>
`;
