exports[`<SpotlightArticles /> should render with default props 1`] = `
<Section
  direction="column"
  pad={
    Object {
      "vertical": "medium"
    }
  }>
  <Headline
    align="center"
    tag="h2">
    Spotlight Articles
  </Headline>
  <undefined />
  <Box
    announce={false}
    direction="row"
    focusable={true}
    pad={
      Object {
        "vertical": "small"
      }
    }
    responsive={true}
    tag="div">
    <Tiles
      fill={true}
      flush={true}
      justify="start"
      pad="small">
      <Tile
        align="start"
        basis="small"
        direction="row"
        hoverColorIndex="disabled"
        hoverStyle="none"
        justify="center"
        pad="none"
        separator="bottom">
        <undefined
          article={
            Object {
              "content": "Hello World",
              "feature_image": "http://helloworld.com",
              "id": 1,
              "slug": "hello-world",
              "title": "Hello World",
              "updated_at": "12",
              "user": Object {
                "name": "Ryan Collins"
              }
            }
          } />
      </Tile>
    </Tiles>
  </Box>
</Section>
`;
