exports[`<SpotlightArticles /> should render with default props 1`] = `
<Box
  announce={false}
  direction="column"
  focusable={true}
  pad="small"
  responsive={true}
  tag="div">
  <Heading
    align="center"
    tag="h3">
    Spotlight Articles
  </Heading>
  <Box
    announce={false}
    direction="row"
    focusable={true}
    pad={
      Object {
        "vertical": "small"
      }
    }
    responsive={true}
    tag="div">
    <Box
      announce={false}
      basis="1/3"
      direction="column"
      focusable={true}
      pad={
        Object {
          "horizontal": "small"
        }
      }
      responsive={true}
      tag="div">
      <img />
      <Paragraph>
        Hello World...
      </Paragraph>
      <span>
        Posted by Ryan Collins
      </span>
      <Button
        href="/articles/hello-world"
        label="Read More"
        type="button" />
    </Box>
  </Box>
</Box>
`;
