exports[`<SpotlightArticles /> should render with default props 1`] = `
<Section
  direction="column"
  pad={
    Object {
      "vertical": "medium"
    }
  }>
  <Heading
    align="center"
    tag="h2">
    Spotlight Articles
  </Heading>
  <Box
    announce={false}
    direction="row"
    focusable={true}
    pad={
      Object {
        "vertical": "small"
      }
    }
    responsive={true}
    tag="div">
    <Tiles
      fill={true}
      flush={true}
      justify="start"
      pad="small">
      <Tile
        align="start"
        basis="small"
        direction="row"
        hoverColorIndex="disabled"
        hoverStyle="none"
        pad="none"
        separator="bottom">
        <Box
          announce={false}
          direction="column"
          focusable={true}
          pad={
            Object {
              "vertical": "medium"
            }
          }
          responsive={true}
          size="medium"
          tag="div">
          <Card
            contentPad="medium"
            description="Hello World..."
            heading="Hello World"
            headingStrong={true}
            label="By Ryan Collins"
            link={
              <function Anchor() {
                  (0, _classCallCheck3.default)(this, Anchor);
                  return (0, _possibleConstructorReturn3.default)(this, (Anchor.__proto__ || (0, _getPrototypeOf2.default)(Anchor)).apply(this, arguments));
                }
                href="/articles/1"
                label="Read More"
                primary={true}
                tag="a" />
            }
            textSize="small"
            thumbnail="http://helloworld.com" />
        </Box>
      </Tile>
    </Tiles>
  </Box>
</Section>
`;
