exports[`<CmsEditorPreview /> should render with default props 1`] = `
<Layer
  align="center"
  closer={true}
  hidden={false}
  onClose={[Function onClose]}>
  <Box
    announce={false}
    direction="column"
    focusable={true}
    pad="large"
    responsive={true}
    size="large"
    tag="div">
    <Heading
      align="center"
      tag="h1">
      Foobar
    </Heading>
    <Markdown
      components={Object {}}
      content="Foobar@" />
  </Box>
</Layer>
`;
