exports[`<Signup /> should render with default props 1`] = `
<ConnectedForm
  actions={
    Object {
      "clearSignupError": [Function anonymous],
      "signupRequestFailure": [Function anonymous],
      "signupRequestInitiation": [Function anonymous],
      "signupRequestSuccess": [Function anonymous],
      "submitSignupRequest": [Function anonymous]
    }
  }
  errorMessage={null}
  isLoading={false}
  store={
    Object {
      "clearActions": [Function clearActions],
      "dispatch": [Function anonymous],
      "getActions": [Function getActions],
      "getState": [Function getState],
      "replaceReducer": [Function replaceReducer],
      "subscribe": [Function subscribe]
    }
  } />
`;
