exports[`<AppFooter /> should render with default props 1`] = `
<Footer
  direction="row"
  responsive={false}>
  <Box
    align="center"
    announce={false}
    direction="column"
    focusable={true}
    pad={
      Object {
        "vertical": "large"
      }
    }
    responsive={true}
    tag="div">
    <Heading
      tag="h3">
      <Anchor
        href="http://www.udacity.com"
        tag="a">
        Udacity Alumni Web App
      </Anchor>
    </Heading>
    <Heading
      tag="h5">
      Made with 
      <span>
        ♥️
      </span>
       by
      <Anchor
        href="http://www.udacity.com"
        tag="a">
         Udacity Alumni
      </Anchor>
    </Heading>
    <Box
      announce={false}
      direction="row"
      focusable={true}
      pad="none"
      responsive={true}
      tag="div">
      <Anchor
        colorIndex="brand"
        href="/members"
        icon={
          <function Icon() {
              (0, _classCallCheck3.default)(this, Icon);
              return (0, _possibleConstructorReturn3.default)(this, (Icon.__proto__ || (0, _getPrototypeOf2.default)(Icon)).apply(this, arguments));
            }
            a11yTitleId="group-title"
            responsive={true} />
        }
        label="Our Members"
        tag="a" />
      <span>
          |  
      </span>
      <Anchor
        colorIndex="brand"
        href="/about"
        icon={
          <function Icon() {
              (0, _classCallCheck3.default)(this, Icon);
              return (0, _possibleConstructorReturn3.default)(this, (Icon.__proto__ || (0, _getPrototypeOf2.default)(Icon)).apply(this, arguments));
            }
            a11yTitleId="help-title"
            responsive={true} />
        }
        label="About Us"
        tag="a" />
    </Box>
    <Box
      announce={false}
      direction="row"
      focusable={true}
      pad="none"
      responsive={true}
      tag="div">
      <Anchor
        colorIndex="brand"
        href="/terms"
        icon={
          <function Icon() {
              (0, _classCallCheck3.default)(this, Icon);
              return (0, _possibleConstructorReturn3.default)(this, (Icon.__proto__ || (0, _getPrototypeOf2.default)(Icon)).apply(this, arguments));
            }
            a11yTitleId="compliance-title"
            responsive={true} />
        }
        label="Terms of Service"
        tag="a" />
      <span>
          |  
      </span>
      <Anchor
        colorIndex="brand"
        href="/privacy"
        icon={
          <function Icon() {
              (0, _classCallCheck3.default)(this, Icon);
              return (0, _possibleConstructorReturn3.default)(this, (Icon.__proto__ || (0, _getPrototypeOf2.default)(Icon)).apply(this, arguments));
            }
            a11yTitleId="shield-title"
            responsive={true} />
        }
        label="Privacy Policy"
        tag="a" />
    </Box>
    <Menu
      closeOnClick={false}
      direction="row"
      dropAlign={
        Object {
          "left": "left",
          "top": "top"
        }
      }
      inline={true}
      pad="none"
      responsive={false}>
      <Anchor
        href="https://twitter.com/udacity"
        tag="a">
        <SocialIcon
          type="twitter" />
      </Anchor>
      <Anchor
        href="https://www.facebook.com/Udacity"
        tag="a">
        <SocialIcon
          type="facebook" />
      </Anchor>
      <Anchor
        href="https://www.linkedin.com/company/udacity"
        tag="a">
        <SocialIcon
          type="linkedin" />
      </Anchor>
      <Anchor
        href="https://plus.google.com/+Udacity"
        tag="a">
        <SocialIcon
          type="google" />
      </Anchor>
    </Menu>
  </Box>
</Footer>
`;
