exports[`<Navbar /> should render with default props 1`] = `
<div>
  <Header
    align="center"
    direction="row"
    justify="between"
    pad={
      Object {
        "between": "small",
        "horizontal": "none",
        "vertical": "none"
      }
    }
    responsive={false}
    tag="header">
    <Title
      responsive={true}>
      <img
        alt="logo"
        src={Object {}} />
    </Title>
    <Menu
      align="center"
      closeOnClick={true}
      direction="row"
      dropAlign={
        Object {
          "left": "left",
          "top": "top"
        }
      }
      pad="none"
      responsive={true}>
      <Anchor
        tag="a">
        My Classroom
      </Anchor>
      <Anchor
        tag="a">
        Careers
      </Anchor>
      <Anchor
        tag="a">
        Mentorship
      </Anchor>
      <Anchor
        tag="a">
        Meetups
      </Anchor>
      <Search
        align="left"
        dropAlign={
          Object {
            "right": "right"
          }
        }
        iconAlign="end"
        inline={false}
        onDOMChange={[Function onSearch]}
        responsive={true} />
    </Menu>
    <Menu
      align="center"
      closeOnClick={true}
      direction="row"
      dropAlign={
        Object {
          "left": "left",
          "top": "top"
        }
      }
      pad="none"
      responsive={true}
      style={
        Object {
          "marginRight": 20
        }
      }>
      <Anchor
        tag="a">
        Logout
      </Anchor>
      <Anchor
        tag="a">
        Account
      </Anchor>
      <Anchor
        tag="a">
        My Classroom
      </Anchor>
    </Menu>
  </Header>
</div>
`;
