exports[`<Navbar /> should render with default props 1`] = `
<div>
  <Header
    align="center"
    direction="row"
    justify="between"
    pad={
      Object {
        "between": "small",
        "horizontal": "none",
        "vertical": "none"
      }
    }
    responsive={false}
    tag="header">
    <Title
      responsive={true}>
      <img
        alt="logo"
        src={Object {}} />
    </Title>
    <Menu
      align="center"
      closeOnClick={true}
      direction="row"
      dropAlign={
        Object {
          "left": "left",
          "top": "top"
        }
      }
      pad="none"
      responsive={false}>
      <IndexLink
        activeClassName="active"
        to="/">
        Home
      </IndexLink>
    </Menu>
  </Header>
</div>
`;
