exports[`<DashboardTable /> should render with default props 1`] = `
<Box
  announce={false}
  color="light-2"
  direction="column"
  focusable={true}
  pad="large"
  responsive={true}
  tag="div">
  <Table>
    <thead>
      <tr>
        <th>
          Title
        </th>
        <th>
          Status
        </th>
        <th>
          Author
        </th>
        <th>
          Actions
        </th>
      </tr>
    </thead>
    <tbody>
      <TableRow>
        <td>
          <Heading
            tag="h4">
            Hello World
          </Heading>
        </td>
        <td>
          <Heading
            tag="h5">
            Published
          </Heading>
        </td>
        <td>
          <Heading
            tag="h5">
            Ryan Collins
          </Heading>
        </td>
        <td>
          <DashboardTableButtonMenu
            article={
              Object {
                "id": 0,
                "status": "published",
                "title": "Hello World",
                "user": Object {
                  "name": "Ryan Collins"
                }
              }
            }
            onDeleteArticle={[Function onDeleteArticle]} />
        </td>
      </TableRow>
    </tbody>
  </Table>
</Box>
`;
