exports[`<DashboardTable /> should render with default props 1`] = `
<Box
  announce={false}
  color="light-2"
  direction="column"
  focusable={true}
  pad="large"
  responsive={true}
  tag="div">
  <Box
    announce={false}
    direction="column"
    focusable={true}
    pad="none"
    responsive={true}
    tag="div">
    <Table>
      <undefined
        labels={
          Array [
            "",
            "Title",
            "Posted On",
            "Status",
            "Author",
            "Actions"
          ]
        } />
      <tbody
        style={
          Object {
            "minHeight": 500
          }
        } />
    </Table>
  </Box>
</Box>
`;
