exports[`<Member /> should render with default props 1`] = `
<Heading
  align="center"
  justify="center"
  size="large"
  tag="h1">
  <undefined
    src="https://github.com/RyanCCollins/cdn/blob/master/alumni-webapp/no-user.png?raw=true" />
  <Heading
    align="center"
    tag="h3">
    Jane Doe
  </Heading>
  <Paragraph>
    I have done this and that....
  </Paragraph>
</Heading>
`;
