exports[`<ContentDashboard /> should render with default props 1`] = `
<ContentDashboard
  actions={
    Object {
      "contentDashboardDefaultAction": [Function anonymous]
    }
  }
  store={
    Object {
      "clearActions": [Function clearActions],
      "dispatch": [Function anonymous],
      "getActions": [Function getActions],
      "getState": [Function getState],
      "subscribe": [Function subscribe]
    }
  }
  user={
    Object {
      "avatar": "http://github.com/image.png",
      "name": "David Harris"
    }
  } />
`;
