exports[`<ContentDashboard /> should render with default props 1`] = `
<Apollo(ContentDashboard)
  actions={
    Object {
      "clearDashboardError": [Function anonymous],
      "clearDashboardMessage": [Function anonymous],
      "dashboardDeleteArticleFailure": [Function anonymous],
      "dashboardDeleteArticleInitiation": [Function anonymous],
      "dashboardDeleteArticleSuccess": [Function anonymous],
      "dashboardModalCancelation": [Function anonymous],
      "dashboardModalConfirmation": [Function anonymous],
      "dashboardSetPage": [Function anonymous],
      "dashboardToggleModalToDelete": [Function anonymous],
      "handleClearingToast": [Function anonymous],
      "loadDashboardArticles": [Function anonymous],
      "loadDashboardArticlesFailure": [Function anonymous],
      "loadDashboardArticlesInitiation": [Function anonymous],
      "loadDashboardArticlesSuccess": [Function anonymous]
    }
  }
  allArticles={null}
  articles={null}
  authToken={null}
  currentPage={1}
  errorMessage={null}
  isLoading={false}
  isMobile={false}
  isShowingModal={false}
  message={null}
  perPage={6}
  selectedArticleId={null}
  store={
    Object {
      "clearActions": [Function clearActions],
      "dispatch": [Function anonymous],
      "getActions": [Function getActions],
      "getState": [Function getState],
      "replaceReducer": [Function replaceReducer],
      "subscribe": [Function subscribe]
    }
  }
  user={null} />
`;
