exports[`<UserProfileContainer /> should render with default props 1`] = `
<Apollo(UserProfileContainer)
  actions={
    Object {
      "appClearError": [Function anonymous],
      "appClearMessage": [Function anonymous],
      "appCloseToast": [Function anonymous],
      "appSetError": [Function anonymous],
      "appSetMessage": [Function anonymous],
      "appSetMobile": [Function anonymous],
      "appToggleNav": [Function anonymous],
      "clearSearchTerm": [Function anonymous],
      "invalidateAuthUser": [Function anonymous],
      "loadAuthToken": [Function anonymous],
      "loadPersistedAuthToken": [Function anonymous],
      "loadPersistedUser": [Function anonymous],
      "logoutUser": [Function anonymous],
      "profileCancelEditing": [Function anonymous],
      "profileClearError": [Function anonymous],
      "profileEditAvatar": [Function anonymous],
      "profileEditBio": [Function anonymous],
      "profileEditEmail": [Function anonymous],
      "profileEditEmployer": [Function anonymous],
      "profileStartEditing": [Function anonymous],
      "profileSubmissionFailure": [Function anonymous],
      "profileSubmissionInitiation": [Function anonymous],
      "profileSubmissionSuccess": [Function anonymous],
      "profileTogglePublic": [Function anonymous],
      "setAuthUser": [Function anonymous],
      "setDefaultInputs": [Function anonymous],
      "setPersistentUser": [Function anonymous],
      "setSearchTerm": [Function anonymous],
      "toggleOfflineMode": [Function anonymous]
    }
  }
  authToken={null}
  avatarInput={null}
  bioInput={null}
  emailInput={null}
  employerInput={null}
  isEditing={false}
  isLoading={false}
  publicInput={false}
  requiresFetch={false}
  store={
    Object {
      "clearActions": [Function clearActions],
      "dispatch": [Function anonymous],
      "getActions": [Function getActions],
      "getState": [Function getState],
      "replaceReducer": [Function replaceReducer],
      "subscribe": [Function subscribe]
    }
  }
  submissionError={null}
  user={null} />
`;
