exports[`<CmsToolbar /> should render with default props 1`] = `
<Box
  align="center"
  announce={false}
  direction="column"
  focusable={true}
  full="horizontal"
  justify="center"
  pad="none"
  responsive={true}
  tag="div">
  <Columns
    full="horizontal"
    justify="center"
    maxCount={1}
    responsive={true}>
    <Box
      align="center"
      announce={false}
      colorIndex="light-2"
      direction="row"
      focusable={true}
      full="horizontal"
      justify="between"
      margin="small"
      pad="medium"
      responsive={true}
      tag="div">
      <CheckBox
        checked={false}
        id="spotlight-toggle"
        label="Spotlight"
        name="spotlight"
        onChange={[Function onToggleSpotlight]}
        toggle={true} />
      <Box
        announce={false}
        direction="column"
        flex="1"
        focusable={true}
        pad="none"
        responsive={true}
        tag="div">
        <Button
          label="Save"
          onClick={[Function onClick]}
          type="button" />
      </Box>
      <Select
        label="Status"
        onChange={[Function onChange]}
        options={
          Array [
            Object {
              "label": "Draft",
              "value": 0
            },
            Object {
              "label": "Published",
              "value": 1
            },
            Object {
              "label": "Archived",
              "value": 2
            }
          ]
        }
        value="Draft" />
    </Box>
  </Columns>
</Box>
`;
