exports[`<CmsToolbar /> should render with default props 1`] = `
<Box
  align="center"
  announce={false}
  direction="column"
  focusable={true}
  full="horizontal"
  justify="center"
  pad="none"
  responsive={true}
  tag="div">
  <Columns
    full="horizontal"
    justify="center"
    maxCount={1}
    responsive={true}>
    <Box
      align="center"
      announce={false}
      colorIndex="light-2"
      direction="row"
      focusable={true}
      full="horizontal"
      justify="between"
      margin="small"
      pad="medium"
      responsive={true}
      tag="div">
      <Button
        label="Submit"
        onClick={[Function onSave]}
        type="button" />
      <Button
        label="Preview"
        onClick={[Function onPreview]}
        type="button" />
    </Box>
  </Columns>
</Box>
`;
