exports[`<MainAside /> should render with default props 1`] = `
<Box
  align="center"
  announce={false}
  basis="1/3"
  direction="column"
  focusable={true}
  pad="medium"
  responsive={true}
  tag="div">
  <Image
    size="medium"
    src="http://github.com/image.png" />
  <Box
    align="center"
    announce={false}
    basis="2/3"
    direction="column"
    focusable={true}
    pad={
      Object {
        "horizontal": "small",
        "vertical": "large"
      }
    }
    responsive={true}
    tag="div">
    <Heading
      align="center"
      tag="h3">
      Hello, David Harris!
    </Heading>
  </Box>
</Box>
`;
