exports[`<NotFound /> should render with default props 1`] = `
<div>
  <Box
    announce={false}
    direction="column"
    focusable={true}
    pad="large"
    responsive={true}
    tag="div"
    textAlign="center">
    <Box
      align="center"
      announce={false}
      direction="column"
      focusable={true}
      pad="none"
      responsive={true}
      tag="div">
      <Heading
        tag="h3">
        Hello curious adventurer! : )
      </Heading>
      <Paragraph
        textAlign="center">
        You\'ve wandered into uncharted territory. 404-Land.
        <br />
        If that is right where you belong, then get ready to map!
      </Paragraph>
    </Box>
    <Box
      align="center"
      announce={false}
      direction="column"
      focusable={true}
      pad="none"
      responsive={true}
      tag="div">
      <Heading
        alignContent="center"
        className="problem"
        tag="h1">
        There should be some cake here for you.
      </Heading>
      <Paragraph
        className="solution">
        Learn to make digital cake that almost smells home-made!
      </Paragraph>
      <Anchor
        className="solution-link"
        href="https://www.udacity.com/course/vr-developer-nanodegree--nd017"
        tag="a">
        Virtual-Reality Nanodegree
      </Anchor>
    </Box>
  </Box>
</div>
`;
