exports[`<Navbar /> should render with default props 1`] = `
<Box
  announce={false}
  direction="column"
  focusable={true}
  pad="none"
  responsive={true}
  tag="div">
  <Animate
    enter={
      Object {
        "animation": "fade",
        "duration": 2500
      }
    }
    keep={true}
    visible={true}>
    <Carousel
      autoplay={true}
      autoplaySpeed={5000}
      infinite={true}
      persistentNav={true}>
      <img
        style={
          Object {
            "maxHeight": 300,
            "maxWidth": "100vw",
            "minWidth": 850,
            "width": "auto"
          }
        } />
      <img
        style={
          Object {
            "maxHeight": 300,
            "maxWidth": "100vw",
            "minWidth": 850,
            "width": "auto"
          }
        } />
      <img
        style={
          Object {
            "maxHeight": 300,
            "maxWidth": "100vw",
            "minWidth": 850,
            "width": "auto"
          }
        } />
    </Carousel>
  </Animate>
</Box>
`;
