exports[`<Navbar /> should render with default props 1`] = `
<Box
  announce={false}
  direction="column"
  focusable={true}
  pad="none"
  responsive={true}
  size="large"
  tag="div">
  <Carousel
    autoplay={true}
    autoplaySpeed={5000}
    infinite={true}
    persistentNav={true}>
    <img
      src="http://zdnet4.cbsistatic.com/hub/i/r/2016/01/13/df0444a8-0bcd-46cc-b9d4-e5be56a36341/resize/770xauto/cd213f8602843b807ed63aef891203c7/image.jpg" />
    <img
      src="http://zdnet4.cbsistatic.com/hub/i/r/2016/01/13/df0444a8-0bcd-46cc-b9d4-e5be56a36341/resize/770xauto/cd213f8602843b807ed63aef891203c7/image.jpg" />
    <img
      src="http://zdnet4.cbsistatic.com/hub/i/r/2016/01/13/df0444a8-0bcd-46cc-b9d4-e5be56a36341/resize/770xauto/cd213f8602843b807ed63aef891203c7/image.jpg" />
  </Carousel>
</Box>
`;
