exports[`<About /> should render with default props 1`] = `
<Box
  align="center"
  announce={false}
  direction="column"
  focusable={true}
  pad="large"
  responsive={true}
  tag="div">
  <Split
    fixed="false"
    flex="both"
    priority="left"
    showOnResponsive="priority">
    <Article
      align="center"
      direction="column"
      pad="large" />
    <Sidebar
      direction="column"
      full={true}>
      <Box
        align="center"
        announce={false}
        direction="column"
        focusable={true}
        pad="large"
        responsive={true}
        tag="div">
        <Heading
          strong={true}
          tag="h2">
          Contributor Voices
        </Heading>
        <CardComponent
          description="There surely is something you can do to make this better! : )"
          githubUrl="https://github.com/udacityalumni"
          heading="Hei You!"
          image="https://upload.wikimedia.org/wikipedia/commons/3/33/White_square_with_question_mark.png"
          label="Anything you want" />
      </Box>
    </Sidebar>
  </Split>
</Box>
`;
